2026-09-08 14:31:25,750 - INFO - Customer Support API started
2026-09-08 14:31:26,980 - INFO - Customer Support API started
2026-09-08 14:31:31,527 - INFO - 1 change detected
2026-09-08 14:31:31,889 - INFO - 1 change detected
2026-09-08 14:31:38,953 - INFO - [{'id': 1, 'customer_name': 'Ali Khan', 'email': 'ali.khan@example.com', 'subject': 'Unable to login', 'description': 'I am unable to login to my account even though my password is correct.', 'category': 'authentication', 'priority': 'high', 'status': 'open', 'created_at': '2026-09-01T09:15:00'}, {'id': 2, 'customer_name': 'Sara Ahmed', 'email': 'sara.ahmed@example.com', 'subject': 'Payment failed', 'description': 'My card payment failed while purchasing the premium plan.', 'category': 'payment', 'priority': 'urgent', 'status': 'open', 'created_at': '2026-09-01T10:30:00'}, {'id': 3, 'customer_name': 'Ahmed Raza', 'email': 'ahmed.raza@example.com', 'subject': 'Application crashing', 'description': 'The application crashes whenever I try to upload a large file.', 'category': 'technical', 'priority': 'high', 'status': 'in_progress', 'created_at': '2026-09-01T11:45:00'}, {'id': 4, 'customer_name': 'Fatima Noor', 'email': 'fatima.noor@example.com', 'subject': 'Update account email', 'description': 'I want to change the email address associated with my account.', 'category': 'account', 'priority': 'medium', 'status': 'resolved', 'created_at': '2026-09-01T13:20:00'}, {'id': 5, 'customer_name': 'Usman Tariq', 'email': 'usman.tariq@example.com', 'subject': 'Incorrect invoice', 'description': 'The invoice generated for my subscription contains an incorrect amount.', 'category': 'billing', 'priority': 'high', 'status': 'open', 'created_at': '2026-09-02T08:10:00'}, {'id': 6, 'customer_name': 'Hassan Ali', 'email': 'hassan.ali@example.com', 'subject': 'Feature request', 'description': 'I would like to see dark mode added to the dashboard.', 'category': 'other', 'priority': 'low', 'status': 'closed', 'created_at': '2026-09-02T09:25:00'}, {'id': 7, 'customer_name': 'Ali Raza', 'email': 'ali.raza@example.com', 'subject': 'Password reset email not received', 'description': 'I requested a password reset but have not received the reset email.', 'category': 'authentication', 'priority': 'urgent', 'status': 'open', 'created_at': '2026-09-02T10:40:00'}, {'id': 8, 'customer_name': 'Ayesha Malik', 'email': 'ayesha.malik@example.com', 'subject': 'Double charged', 'description': 'My account was charged twice for the same transaction.', 'category': 'payment', 'priority': 'urgent', 'status': 'in_progress', 'created_at': '2026-09-02T12:05:00'}, {'id': 9, 'customer_name': 'Bilal Shah', 'email': 'bilal.shah@example.com', 'subject': 'Slow dashboard', 'description': 'The dashboard takes more than 30 seconds to load.', 'category': 'technical', 'priority': 'medium', 'status': 'open', 'created_at': '2026-09-02T14:15:00'}, {'id': 10, 'customer_name': 'Sara Ahmed', 'email': 'sara.ahmed@example.com', 'subject': 'Subscription cancellation', 'description': 'Please help me cancel my current subscription.', 'category': 'billing', 'priority': 'low', 'status': 'resolved', 'created_at': '2026-09-03T08:45:00'}, {'id': 11, 'customer_name': 'Omar Farooq', 'email': 'omar.farooq@example.com', 'subject': 'Cannot access account', 'description': 'My account appears to be locked after several unsuccessful login attempts.', 'category': 'account', 'priority': 'high', 'status': 'open', 'created_at': '2026-09-03T09:10:00'}, {'id': 12, 'customer_name': 'Zainab Iqbal', 'email': 'zainab.iqbal@example.com', 'subject': 'Missing transaction', 'description': 'A recent payment is not appearing in my transaction history.', 'category': 'payment', 'priority': 'medium', 'status': 'closed', 'created_at': '2026-09-03T10:00:00'}, {'ticket_id': 13, 'customer_name': 'string', 'category': 'string', 'priority': 'low', 'description': None, 'created_at': '2026-09-04T12:03:46.168450', 'status': 'open'}, {'id': 14, 'customer_name': 'Ali ', 'email': 'ali.khan@example.com', 'subject': 'Unable to login', 'description': 'I am unable to login to my account even though my password is correct.', 'category': 'string', 'priority': 'high', 'status': 'open', 'created_at': '2026-09-01T09:15:00'}, {'id': 15, 'customer_name': 'Ali ', 'email': 'ali.khan@example.com', 'subject': 'Unable to login', 'description': 'I am unable to login to my account even though my password is correct.', 'category': 'authentication', 'priority': 'high', 'status': 'open', 'created_at': '2026-09-01T09:15:00'}, {'id': 16, 'customer_name': 'Ali ', 'email': 'ali.khan@example.com', 'subject': 'Unable to login', 'description': 'I am unable to login to my account even though my password is correct.', 'category': 'authentication', 'priority': 'high', 'status': 'open', 'created_at': '2026-09-01T09:15:00'}, {'id': 17, 'customer_name': 'string', 'category': 'string', 'priority': 'low', 'description': 'string', 'created_at': '2026-09-08T14:14:37.500140', 'status': 'open'}, {'id': 18, 'customer_name': 'string', 'category': 'string', 'priority': 'low', 'description': 'string', 'created_at': '2026-09-08T14:23:27.612580', 'status': 'open'}, {'id': 19, 'customer_name': 'string', 'category': 'string', 'priority': 'low', 'description': 'string', 'created_at': '2026-09-08T14:28:39.255410', 'status': 'open'}]
2026-09-08 14:31:38,955 - INFO - Ticket 20 created successfully
2026-09-08 14:31:39,028 - INFO - 1 change detected
2026-09-08 14:31:46,091 - INFO - 1 change detected
2026-09-08 14:31:46,502 - INFO - 1 change detected
2026-09-08 14:31:47,414 - INFO - 1 change detected
2026-09-08 14:31:47,820 - INFO - 1 change detected
2026-09-08 14:31:48,958 - INFO - Email sent to string for Ticket #20
2026-09-08 14:31:59,227 - INFO - 1 change detected
2026-09-08 14:31:59,770 - INFO - 1 change detected
2026-09-08 14:33:14,372 - INFO - 3 changes detected
2026-09-08 14:33:15,193 - INFO - 1 change detected
2026-09-08 14:33:15,852 - INFO - 5 changes detected
2026-09-08 14:33:16,369 - INFO - Customer Support API started
2026-09-08 14:33:20,754 - INFO - 1 change detected
2026-09-08 14:33:21,287 - INFO - 1 change detected
2026-09-08 14:33:27,560 - INFO - [{'id': 1, 'customer_name': 'Ali Khan', 'email': 'ali.khan@example.com', 'subject': 'Unable to login', 'description': 'I am unable to login to my account even though my password is correct.', 'category': 'authentication', 'priority': 'high', 'status': 'open', 'created_at': '2026-09-01T09:15:00'}, {'id': 2, 'customer_name': 'Sara Ahmed', 'email': 'sara.ahmed@example.com', 'subject': 'Payment failed', 'description': 'My card payment failed while purchasing the premium plan.', 'category': 'payment', 'priority': 'urgent', 'status': 'open', 'created_at': '2026-09-01T10:30:00'}, {'id': 3, 'customer_name': 'Ahmed Raza', 'email': 'ahmed.raza@example.com', 'subject': 'Application crashing', 'description': 'The application crashes whenever I try to upload a large file.', 'category': 'technical', 'priority': 'high', 'status': 'in_progress', 'created_at': '2026-09-01T11:45:00'}, {'id': 4, 'customer_name': 'Fatima Noor', 'email': 'fatima.noor@example.com', 'subject': 'Update account email', 'description': 'I want to change the email address associated with my account.', 'category': 'account', 'priority': 'medium', 'status': 'resolved', 'created_at': '2026-09-01T13:20:00'}, {'id': 5, 'customer_name': 'Usman Tariq', 'email': 'usman.tariq@example.com', 'subject': 'Incorrect invoice', 'description': 'The invoice generated for my subscription contains an incorrect amount.', 'category': 'billing', 'priority': 'high', 'status': 'open', 'created_at': '2026-09-02T08:10:00'}, {'id': 6, 'customer_name': 'Hassan Ali', 'email': 'hassan.ali@example.com', 'subject': 'Feature request', 'description': 'I would like to see dark mode added to the dashboard.', 'category': 'other', 'priority': 'low', 'status': 'closed', 'created_at': '2026-09-02T09:25:00'}, {'id': 7, 'customer_name': 'Ali Raza', 'email': 'ali.raza@example.com', 'subject': 'Password reset email not received', 'description': 'I requested a password reset but have not received the reset email.', 'category': 'authentication', 'priority': 'urgent', 'status': 'open', 'created_at': '2026-09-02T10:40:00'}, {'id': 8, 'customer_name': 'Ayesha Malik', 'email': 'ayesha.malik@example.com', 'subject': 'Double charged', 'description': 'My account was charged twice for the same transaction.', 'category': 'payment', 'priority': 'urgent', 'status': 'in_progress', 'created_at': '2026-09-02T12:05:00'}, {'id': 9, 'customer_name': 'Bilal Shah', 'email': 'bilal.shah@example.com', 'subject': 'Slow dashboard', 'description': 'The dashboard takes more than 30 seconds to load.', 'category': 'technical', 'priority': 'medium', 'status': 'open', 'created_at': '2026-09-02T14:15:00'}, {'id': 10, 'customer_name': 'Sara Ahmed', 'email': 'sara.ahmed@example.com', 'subject': 'Subscription cancellation', 'description': 'Please help me cancel my current subscription.', 'category': 'billing', 'priority': 'low', 'status': 'resolved', 'created_at': '2026-09-03T08:45:00'}, {'id': 11, 'customer_name': 'Omar Farooq', 'email': 'omar.farooq@example.com', 'subject': 'Cannot access account', 'description': 'My account appears to be locked after several unsuccessful login attempts.', 'category': 'account', 'priority': 'high', 'status': 'open', 'created_at': '2026-09-03T09:10:00'}, {'id': 12, 'customer_name': 'Zainab Iqbal', 'email': 'zainab.iqbal@example.com', 'subject': 'Missing transaction', 'description': 'A recent payment is not appearing in my transaction history.', 'category': 'payment', 'priority': 'medium', 'status': 'closed', 'created_at': '2026-09-03T10:00:00'}, {'ticket_id': 13, 'customer_name': 'string', 'category': 'string', 'priority': 'low', 'description': None, 'created_at': '2026-09-04T12:03:46.168450', 'status': 'open'}, {'id': 14, 'customer_name': 'Ali ', 'email': 'ali.khan@example.com', 'subject': 'Unable to login', 'description': 'I am unable to login to my account even though my password is correct.', 'category': 'string', 'priority': 'high', 'status': 'open', 'created_at': '2026-09-01T09:15:00'}, {'id': 15, 'customer_name': 'Ali ', 'email': 'ali.khan@example.com', 'subject': 'Unable to login', 'description': 'I am unable to login to my account even though my password is correct.', 'category': 'authentication', 'priority': 'high', 'status': 'open', 'created_at': '2026-09-01T09:15:00'}, {'id': 16, 'customer_name': 'Ali ', 'email': 'ali.khan@example.com', 'subject': 'Unable to login', 'description': 'I am unable to login to my account even though my password is correct.', 'category': 'authentication', 'priority': 'high', 'status': 'open', 'created_at': '2026-09-01T09:15:00'}, {'id': 17, 'customer_name': 'string', 'category': 'string', 'priority': 'low', 'description': 'string', 'created_at': '2026-09-08T14:14:37.500140', 'status': 'open'}, {'id': 18, 'customer_name': 'string', 'category': 'string', 'priority': 'low', 'description': 'string', 'created_at': '2026-09-08T14:23:27.612580', 'status': 'open'}, {'id': 19, 'customer_name': 'string', 'category': 'string', 'priority': 'low', 'description': 'string', 'created_at': '2026-09-08T14:28:39.255410', 'status': 'open'}, {'id': 20, 'customer_name': 'string', 'category': 'string', 'priority': 'low', 'description': 'string', 'created_at': '2026-09-08T14:31:38.954140', 'status': 'open'}]
2026-09-08 14:33:27,563 - INFO - Ticket 21 created successfully
2026-09-08 14:33:27,614 - INFO - 1 change detected
2026-09-08 14:33:33,238 - INFO - 1 change detected
2026-09-08 14:33:33,607 - INFO - Email sent to string for Ticket #21
2026-09-08 14:33:33,872 - INFO - 1 change detected
2026-09-08 14:33:35,522 - INFO - 1 change detected
2026-09-08 14:33:35,883 - INFO - 1 change detected
2026-09-08 14:33:36,695 - INFO - 1 change detected
2026-09-08 14:34:30,476 - INFO - 1 change detected
2026-09-08 14:34:31,330 - INFO - 1 change detected
2026-09-08 14:34:38,696 - INFO - [{'id': 1, 'customer_name': 'Ali Khan', 'email': 'ali.khan@example.com', 'subject': 'Unable to login', 'description': 'I am unable to login to my account even though my password is correct.', 'category': 'authentication', 'priority': 'high', 'status': 'open', 'created_at': '2026-09-01T09:15:00'}, {'id': 2, 'customer_name': 'Sara Ahmed', 'email': 'sara.ahmed@example.com', 'subject': 'Payment failed', 'description': 'My card payment failed while purchasing the premium plan.', 'category': 'payment', 'priority': 'urgent', 'status': 'open', 'created_at': '2026-09-01T10:30:00'}, {'id': 3, 'customer_name': 'Ahmed Raza', 'email': 'ahmed.raza@example.com', 'subject': 'Application crashing', 'description': 'The application crashes whenever I try to upload a large file.', 'category': 'technical', 'priority': 'high', 'status': 'in_progress', 'created_at': '2026-09-01T11:45:00'}, {'id': 4, 'customer_name': 'Fatima Noor', 'email': 'fatima.noor@example.com', 'subject': 'Update account email', 'description': 'I want to change the email address associated with my account.', 'category': 'account', 'priority': 'medium', 'status': 'resolved', 'created_at': '2026-09-01T13:20:00'}, {'id': 5, 'customer_name': 'Usman Tariq', 'email': 'usman.tariq@example.com', 'subject': 'Incorrect invoice', 'description': 'The invoice generated for my subscription contains an incorrect amount.', 'category': 'billing', 'priority': 'high', 'status': 'open', 'created_at': '2026-09-02T08:10:00'}, {'id': 6, 'customer_name': 'Hassan Ali', 'email': 'hassan.ali@example.com', 'subject': 'Feature request', 'description': 'I would like to see dark mode added to the dashboard.', 'category': 'other', 'priority': 'low', 'status': 'closed', 'created_at': '2026-09-02T09:25:00'}, {'id': 7, 'customer_name': 'Ali Raza', 'email': 'ali.raza@example.com', 'subject': 'Password reset email not received', 'description': 'I requested a password reset but have not received the reset email.', 'category': 'authentication', 'priority': 'urgent', 'status': 'open', 'created_at': '2026-09-02T10:40:00'}, {'id': 8, 'customer_name': 'Ayesha Malik', 'email': 'ayesha.malik@example.com', 'subject': 'Double charged', 'description': 'My account was charged twice for the same transaction.', 'category': 'payment', 'priority': 'urgent', 'status': 'in_progress', 'created_at': '2026-09-02T12:05:00'}, {'id': 9, 'customer_name': 'Bilal Shah', 'email': 'bilal.shah@example.com', 'subject': 'Slow dashboard', 'description': 'The dashboard takes more than 30 seconds to load.', 'category': 'technical', 'priority': 'medium', 'status': 'open', 'created_at': '2026-09-02T14:15:00'}, {'id': 10, 'customer_name': 'Sara Ahmed', 'email': 'sara.ahmed@example.com', 'subject': 'Subscription cancellation', 'description': 'Please help me cancel my current subscription.', 'category': 'billing', 'priority': 'low', 'status': 'resolved', 'created_at': '2026-09-03T08:45:00'}, {'id': 11, 'customer_name': 'Omar Farooq', 'email': 'omar.farooq@example.com', 'subject': 'Cannot access account', 'description': 'My account appears to be locked after several unsuccessful login attempts.', 'category': 'account', 'priority': 'high', 'status': 'open', 'created_at': '2026-09-03T09:10:00'}, {'id': 12, 'customer_name': 'Zainab Iqbal', 'email': 'zainab.iqbal@example.com', 'subject': 'Missing transaction', 'description': 'A recent payment is not appearing in my transaction history.', 'category': 'payment', 'priority': 'medium', 'status': 'closed', 'created_at': '2026-09-03T10:00:00'}, {'ticket_id': 13, 'customer_name': 'string', 'category': 'string', 'priority': 'low', 'description': None, 'created_at': '2026-09-04T12:03:46.168450', 'status': 'open'}, {'id': 14, 'customer_name': 'Ali ', 'email': 'ali.khan@example.com', 'subject': 'Unable to login', 'description': 'I am unable to login to my account even though my password is correct.', 'category': 'string', 'priority': 'high', 'status': 'open', 'created_at': '2026-09-01T09:15:00'}, {'id': 15, 'customer_name': 'Ali ', 'email': 'ali.khan@example.com', 'subject': 'Unable to login', 'description': 'I am unable to login to my account even though my password is correct.', 'category': 'authentication', 'priority': 'high', 'status': 'open', 'created_at': '2026-09-01T09:15:00'}, {'id': 16, 'customer_name': 'Ali ', 'email': 'ali.khan@example.com', 'subject': 'Unable to login', 'description': 'I am unable to login to my account even though my password is correct.', 'category': 'authentication', 'priority': 'high', 'status': 'open', 'created_at': '2026-09-01T09:15:00'}, {'id': 17, 'customer_name': 'string', 'category': 'string', 'priority': 'low', 'description': 'string', 'created_at': '2026-09-08T14:14:37.500140', 'status': 'open'}, {'id': 18, 'customer_name': 'string', 'category': 'string', 'priority': 'low', 'description': 'string', 'created_at': '2026-09-08T14:23:27.612580', 'status': 'open'}, {'id': 19, 'customer_name': 'string', 'category': 'string', 'priority': 'low', 'description': 'string', 'created_at': '2026-09-08T14:28:39.255410', 'status': 'open'}, {'id': 20, 'customer_name': 'string', 'category': 'string', 'priority': 'low', 'description': 'string', 'created_at': '2026-09-08T14:31:38.954140', 'status': 'open'}, {'id': 21, 'customer_name': 'string', 'category': 'string', 'priority': 'low', 'description': 'string', 'created_at': '2026-09-08T14:33:27.561557', 'status': 'open'}]
2026-09-08 14:34:38,699 - INFO - Ticket 22 created successfully
2026-09-08 14:34:38,750 - INFO - 1 change detected
2026-09-08 14:34:40,672 - INFO - 1 change detected
2026-09-08 14:34:41,285 - INFO - 1 change detected
2026-09-08 14:34:44,703 - INFO - Email sent to string for Ticket #22
2026-09-08 14:37:47,272 - INFO - 1 change detected
2026-09-08 14:37:47,920 - INFO - 1 change detected
2026-09-08 14:40:24,744 - INFO - 3 changes detected
2026-09-08 14:40:25,681 - INFO - 1 change detected
2026-09-08 14:40:26,446 - INFO - 5 changes detected
2026-09-08 14:40:26,967 - INFO - Customer Support API started
2026-09-08 14:40:28,198 - INFO - 1 change detected
2026-09-08 14:40:28,615 - INFO - 5 changes detected
2026-09-08 14:40:30,878 - INFO - [{'id': 1, 'customer_name': 'Ali Khan', 'email': 'ali.khan@example.com', 'subject': 'Unable to login', 'description': 'I am unable to login to my account even though my password is correct.', 'category': 'authentication', 'priority': 'high', 'status': 'open', 'created_at': '2026-09-01T09:15:00'}, {'id': 2, 'customer_name': 'Sara Ahmed', 'email': 'sara.ahmed@example.com', 'subject': 'Payment failed', 'description': 'My card payment failed while purchasing the premium plan.', 'category': 'payment', 'priority': 'urgent', 'status': 'open', 'created_at': '2026-09-01T10:30:00'}, {'id': 3, 'customer_name': 'Ahmed Raza', 'email': 'ahmed.raza@example.com', 'subject': 'Application crashing', 'description': 'The application crashes whenever I try to upload a large file.', 'category': 'technical', 'priority': 'high', 'status': 'in_progress', 'created_at': '2026-09-01T11:45:00'}, {'id': 4, 'customer_name': 'Fatima Noor', 'email': 'fatima.noor@example.com', 'subject': 'Update account email', 'description': 'I want to change the email address associated with my account.', 'category': 'account', 'priority': 'medium', 'status': 'resolved', 'created_at': '2026-09-01T13:20:00'}, {'id': 5, 'customer_name': 'Usman Tariq', 'email': 'usman.tariq@example.com', 'subject': 'Incorrect invoice', 'description': 'The invoice generated for my subscription contains an incorrect amount.', 'category': 'billing', 'priority': 'high', 'status': 'open', 'created_at': '2026-09-02T08:10:00'}, {'id': 6, 'customer_name': 'Hassan Ali', 'email': 'hassan.ali@example.com', 'subject': 'Feature request', 'description': 'I would like to see dark mode added to the dashboard.', 'category': 'other', 'priority': 'low', 'status': 'closed', 'created_at': '2026-09-02T09:25:00'}, {'id': 7, 'customer_name': 'Ali Raza', 'email': 'ali.raza@example.com', 'subject': 'Password reset email not received', 'description': 'I requested a password reset but have not received the reset email.', 'category': 'authentication', 'priority': 'urgent', 'status': 'open', 'created_at': '2026-09-02T10:40:00'}, {'id': 8, 'customer_name': 'Ayesha Malik', 'email': 'ayesha.malik@example.com', 'subject': 'Double charged', 'description': 'My account was charged twice for the same transaction.', 'category': 'payment', 'priority': 'urgent', 'status': 'in_progress', 'created_at': '2026-09-02T12:05:00'}, {'id': 9, 'customer_name': 'Bilal Shah', 'email': 'bilal.shah@example.com', 'subject': 'Slow dashboard', 'description': 'The dashboard takes more than 30 seconds to load.', 'category': 'technical', 'priority': 'medium', 'status': 'open', 'created_at': '2026-09-02T14:15:00'}, {'id': 10, 'customer_name': 'Sara Ahmed', 'email': 'sara.ahmed@example.com', 'subject': 'Subscription cancellation', 'description': 'Please help me cancel my current subscription.', 'category': 'billing', 'priority': 'low', 'status': 'resolved', 'created_at': '2026-09-03T08:45:00'}, {'id': 11, 'customer_name': 'Omar Farooq', 'email': 'omar.farooq@example.com', 'subject': 'Cannot access account', 'description': 'My account appears to be locked after several unsuccessful login attempts.', 'category': 'account', 'priority': 'high', 'status': 'open', 'created_at': '2026-09-03T09:10:00'}, {'id': 12, 'customer_name': 'Zainab Iqbal', 'email': 'zainab.iqbal@example.com', 'subject': 'Missing transaction', 'description': 'A recent payment is not appearing in my transaction history.', 'category': 'payment', 'priority': 'medium', 'status': 'closed', 'created_at': '2026-09-03T10:00:00'}, {'ticket_id': 13, 'customer_name': 'string', 'category': 'string', 'priority': 'low', 'description': None, 'created_at': '2026-09-04T12:03:46.168450', 'status': 'open'}, {'id': 14, 'customer_name': 'Ali ', 'email': 'ali.khan@example.com', 'subject': 'Unable to login', 'description': 'I am unable to login to my account even though my password is correct.', 'category': 'string', 'priority': 'high', 'status': 'open', 'created_at': '2026-09-01T09:15:00'}, {'id': 15, 'customer_name': 'Ali ', 'email': 'ali.khan@example.com', 'subject': 'Unable to login', 'description': 'I am unable to login to my account even though my password is correct.', 'category': 'authentication', 'priority': 'high', 'status': 'open', 'created_at': '2026-09-01T09:15:00'}, {'id': 16, 'customer_name': 'Ali ', 'email': 'ali.khan@example.com', 'subject': 'Unable to login', 'description': 'I am unable to login to my account even though my password is correct.', 'category': 'authentication', 'priority': 'high', 'status': 'open', 'created_at': '2026-09-01T09:15:00'}, {'id': 17, 'customer_name': 'string', 'category': 'string', 'priority': 'low', 'description': 'string', 'created_at': '2026-09-08T14:14:37.500140', 'status': 'open'}, {'id': 18, 'customer_name': 'string', 'category': 'string', 'priority': 'low', 'description': 'string', 'created_at': '2026-09-08T14:23:27.612580', 'status': 'open'}, {'id': 19, 'customer_name': 'string', 'category': 'string', 'priority': 'low', 'description': 'string', 'created_at': '2026-09-08T14:28:39.255410', 'status': 'open'}, {'id': 20, 'customer_name': 'string', 'category': 'string', 'priority': 'low', 'description': 'string', 'created_at': '2026-09-08T14:31:38.954140', 'status': 'open'}, {'id': 21, 'customer_name': 'string', 'category': 'string', 'priority': 'low', 'description': 'string', 'created_at': '2026-09-08T14:33:27.561557', 'status': 'open'}, {'id': 22, 'customer_name': 'string', 'category': 'string', 'priority': 'low', 'description': 'string', 'created_at': '2026-09-08T14:34:38.697374', 'status': 'open'}]
2026-09-08 14:40:30,882 - INFO - Ticket 23 created successfully
2026-09-08 14:40:30,968 - INFO - 1 change detected
2026-09-08 14:40:36,925 - INFO - Email sent to string for Ticket #23
2026-09-08 14:40:37,178 - INFO - 2 changes detected
2026-09-08 14:40:38,134 - INFO - 1 change detected
2026-09-08 14:40:42,926 - INFO - creadted sucsessfully
2026-09-08 14:41:22,393 - INFO - 1 change detected
2026-09-08 14:41:22,844 - INFO - 1 change detected
2026-09-08 14:43:01,373 - INFO - 1 change detected
2026-09-08 14:43:02,556 - INFO - 1 change detected
2026-09-08 14:43:18,443 - INFO - 1 change detected
2026-09-08 14:43:19,540 - INFO - 1 change detected
2026-09-08 14:43:21,106 - INFO - 1 change detected
2026-09-08 14:43:21,589 - INFO - 1 change detected
2026-09-08 14:43:21,957 - INFO - 1 change detected
2026-09-08 14:43:33,487 - INFO - 1 change detected
2026-09-08 14:43:34,699 - INFO - 1 change detected
2026-09-08 14:43:35,189 - INFO - 1 change detected
2026-09-08 14:43:48,512 - INFO - 1 change detected
2026-09-08 14:43:49,130 - INFO - 1 change detected
2026-09-08 14:44:03,566 - INFO - 1 change detected
2026-09-08 14:44:04,003 - INFO - 1 change detected
2026-09-08 14:44:18,572 - INFO - 1 change detected
2026-09-08 14:44:19,316 - INFO - 1 change detected
2026-09-08 14:44:29,537 - INFO - 1 change detected
2026-09-08 14:44:30,178 - INFO - 1 change detected
2026-09-08 14:44:50,130 - INFO - 1 change detected
2026-09-08 14:44:50,548 - INFO - 1 change detected
2026-09-08 14:45:06,797 - INFO - 1 change detected
2026-09-08 14:45:07,346 - INFO - 1 change detected
2026-09-08 14:45:07,723 - INFO - 1 change detected
2026-09-08 14:45:08,149 - INFO - 1 change detected
2026-09-08 14:45:09,335 - INFO - 1 change detected
2026-09-08 14:45:10,107 - INFO - 1 change detected
2026-09-08 14:45:10,475 - INFO - 1 change detected
2026-09-08 14:45:12,152 - INFO - 1 change detected
2026-09-08 14:45:12,751 - INFO - 1 change detected
2026-09-08 14:45:13,122 - INFO - 1 change detected
2026-09-08 14:45:20,669 - INFO - 1 change detected
2026-09-08 14:45:21,095 - INFO - 1 change detected
2026-09-08 14:45:23,510 - INFO - 1 change detected
2026-09-08 14:45:27,435 - INFO - 1 change detected
2026-09-08 14:45:27,964 - INFO - 1 change detected
2026-09-08 14:45:28,429 - INFO - 1 change detected
2026-09-08 14:45:28,784 - INFO - 1 change detected
2026-09-08 14:45:33,604 - INFO - 1 change detected
2026-09-08 14:45:35,526 - INFO - 1 change detected
2026-09-08 14:46:04,965 - INFO - 1 change detected
2026-09-08 14:46:12,474 - INFO - 1 change detected
2026-09-08 14:46:13,421 - INFO - 1 change detected
2026-09-08 14:46:13,802 - INFO - 1 change detected
2026-09-08 14:46:17,956 - INFO - 1 change detected
2026-09-08 14:47:00,681 - INFO - 1 change detected
2026-09-08 14:47:48,736 - INFO - 1 change detected
2026-09-08 14:47:51,742 - INFO - 1 change detected
2026-09-08 14:47:52,477 - INFO - 1 change detected
2026-09-08 14:47:53,304 - INFO - 1 change detected
2026-09-08 14:47:54,169 - INFO - 1 change detected
2026-09-08 14:47:54,765 - INFO - 1 change detected
2026-09-08 14:47:55,371 - INFO - 1 change detected
2026-09-08 14:47:55,733 - INFO - 1 change detected
2026-09-08 14:47:56,100 - INFO - 1 change detected
2026-09-08 14:48:47,660 - INFO - 1 change detected
